// Jest Snapshot v1, https://goo.gl/fbAQLP

exports[`SpotTile renders correct markup 1`] = `
<div
  className="spot-tile"
>
  <div
    className="spot-tile__container"
  >
    <div
      className="spot-tile__controls"
    >
      <i
        className="spot-tile__icon--hidden spot-tile__icon--chart glyphicon glyphicon-stats"
        onClick={[Function]}
      />
      <i
        className="popout__controls  glyphicon glyphicon-new-window spot-tile__icon--hidden"
        onClick={[Function]}
      />
      <i
        className="popout__undock spot-tile__icon--undock glyphicon glyphicon-log-out"
        onClick={[Function]}
      />
    </div>
    <div>
      <span
        className="spot-tile__execution-label"
      >
        Executing
      </span>
      <div
        className=""
      >
        <span
          className="spot-tile__symbol"
        >
          GBP / USD
        </span>
        <PriceButton
          className="spot-tile__price spot-tile__price--bid"
          direction={
            Object {
              "name": "Sell",
            }
          }
          onExecute={[Function]}
          rate={
            Object {
              "bigFigure": 100,
              "pipFraction": 8,
              "pips": 5,
              "rawRate": 123,
            }
          }
        />
        <div
          className="spot-tile__price-movement"
        >
          <PriceMovementIndicator
            priceMovementType="Up"
            spread={
              Object {
                "formattedValue": "-1.23",
              }
            }
          />
        </div>
        <PriceButton
          className="spot-tile__price spot-tile__price--ask"
          direction={
            Object {
              "name": "Buy",
            }
          }
          onExecute={[Function]}
          rate={
            Object {
              "bigFigure": 100,
              "pipFraction": 8,
              "pips": 5,
              "rawRate": 123,
            }
          }
        />
      </div>
      <Connect(NotionalContainer)
        className="spot-tile__notional"
        currencyPair={
          Object {
            "base": "GBP",
            "symbol": "GBP",
          }
        }
      />
      <div
        className="spot-tile__delivery"
      >
        <span
          className="spot-tile__tenor"
        >
          SP
        </span>
        <span
          className="spot-tile__delivery-date"
        >
          . 
          15 Jan
        </span>
      </div>
    </div>
  </div>
</div>
`;
